
================================================================================
Workload Execution Log - Started at 2026-02-27 12:44:49
================================================================================

================================================================================
Workload Execution Log - Started at 2026-02-27 12:58:20
================================================================================

================================================================================
Workload Execution Log - Started at 2026-02-27 14:12:12
================================================================================

================================================================================
Workload Execution Log - Started at 2026-02-27 14:14:17
================================================================================

================================================================================
Workload Execution Log - Started at 2026-02-27 14:35:51
================================================================================

================================================================================
Workload Execution Log - Started at 2026-02-27 18:56:45
================================================================================
2026-02-27 22:12:31 [small_random_mixed_freq_10gb/HDD/run1] Workload timed out after 600s
2026-02-27 22:12:31 [small_random_mixed_freq_10gb/HDD/run1] Retry attempt 2/2
2026-02-27 22:22:33 [small_random_mixed_freq_10gb/HDD/run1] Workload timed out after 600s
2026-02-27 22:22:33 [small_random_mixed_freq_10gb] Profile 'small_random_mixed_freq_10gb' exceeded 2 consecutive timeout failures - will skip remaining runs
2026-02-27 22:34:35 [small_random_mixed_freq_10gb/HDD/run2] Workload timed out after 600s
2026-02-27 22:34:35 [small_random_mixed_freq_10gb] Profile 'small_random_mixed_freq_10gb' exceeded 2 consecutive timeout failures - will skip remaining runs
2026-02-27 22:46:38 [small_random_mixed_freq_10gb/HDD/run3] Workload timed out after 600s
2026-02-27 22:46:38 [small_random_mixed_freq_10gb] Profile 'small_random_mixed_freq_10gb' exceeded 2 consecutive timeout failures - will skip remaining runs
2026-02-27 22:58:40 [small_random_mixed_freq_10gb/HDD/run4] Workload timed out after 600s
2026-02-27 22:58:40 [small_random_mixed_freq_10gb] Profile 'small_random_mixed_freq_10gb' exceeded 2 consecutive timeout failures - will skip remaining runs
2026-02-27 23:10:42 [small_random_mixed_freq_10gb/HDD/run5] Workload timed out after 600s
2026-02-27 23:10:42 [small_random_mixed_freq_10gb] Profile 'small_random_mixed_freq_10gb' exceeded 2 consecutive timeout failures - will skip remaining runs
2026-02-28 00:04:26 [small_strided_read_heavy_freq_10gb/HDD/run1] Workload timed out after 600s
2026-02-28 00:04:26 [small_strided_read_heavy_freq_10gb/HDD/run1] Retry attempt 2/2
2026-02-28 00:15:21 [small_strided_read_heavy_freq_10gb/HDD/run1] Workload timed out after 600s
2026-02-28 00:15:21 [small_strided_read_heavy_freq_10gb] Profile 'small_strided_read_heavy_freq_10gb' exceeded 2 consecutive timeout failures - will skip remaining runs
2026-02-28 00:28:14 [small_strided_read_heavy_freq_10gb/HDD/run2] Workload timed out after 600s
2026-02-28 00:28:14 [small_strided_read_heavy_freq_10gb] Profile 'small_strided_read_heavy_freq_10gb' exceeded 2 consecutive timeout failures - will skip remaining runs
2026-02-28 00:41:11 [small_strided_read_heavy_freq_10gb/HDD/run3] Workload timed out after 600s
2026-02-28 00:41:11 [small_strided_read_heavy_freq_10gb] Profile 'small_strided_read_heavy_freq_10gb' exceeded 2 consecutive timeout failures - will skip remaining runs
2026-02-28 00:54:13 [small_strided_read_heavy_freq_10gb/HDD/run4] Workload timed out after 600s
2026-02-28 00:54:13 [small_strided_read_heavy_freq_10gb] Profile 'small_strided_read_heavy_freq_10gb' exceeded 2 consecutive timeout failures - will skip remaining runs
2026-02-28 01:07:07 [small_strided_read_heavy_freq_10gb/HDD/run5] Workload timed out after 600s
2026-02-28 01:07:07 [small_strided_read_heavy_freq_10gb] Profile 'small_strided_read_heavy_freq_10gb' exceeded 2 consecutive timeout failures - will skip remaining runs
2026-02-28 02:47:18 [small_random_write_heavy_freq_10gb/HDD/run1] Workload timed out after 600s
2026-02-28 02:47:18 [small_random_write_heavy_freq_10gb/HDD/run1] Retry attempt 2/2
